002c:err:wineboot:process_run_key Error running cmd L"C:\\windows\\system32\\winemenubuilder.exe -a -r" (2).
thecl.exe:th062/ecl_ir_out/matrix_th08_th10_th12_th15/th12_stage1_to_th10.decl:108,32: instr_set_types: in sub Boss: wrong argument type for parameter 1 for opcode 321 (expected: f, got: S)
thecl.exe:th062/ecl_ir_out/matrix_th08_th10_th12_th15/th12_stage1_to_th10.decl:108,32: instr_set_types: in sub Boss: wrong argument type for parameter 2 for opcode 321 (expected: f, got: S)
thecl.exe:th062/ecl_ir_out/matrix_th08_th10_th12_th15/th12_stage1_to_th10.decl:244,23: instr_set_types: in sub Boss2: wrong argument type for parameter 1 for opcode 322 (expected: S, got: f)
thecl.exe:th062/ecl_ir_out/matrix_th08_th10_th12_th15/th12_stage1_to_th10.decl:248,29: instr_set_types: in sub Boss2: wrong argument type for parameter 1 for opcode 321 (expected: f, got: S)
thecl.exe:th062/ecl_ir_out/matrix_th08_th10_th12_th15/th12_stage1_to_th10.decl:248,29: instr_set_types: in sub Boss2: wrong argument type for parameter 2 for opcode 321 (expected: f, got: S)
thecl.exe:th062/ecl_ir_out/matrix_th08_th10_th12_th15/th12_stage1_to_th10.decl:374,23: instr_set_types: in sub BossCard1: wrong argument type for parameter 1 for opcode 322 (expected: S, got: f)
thecl.exe:th062/ecl_ir_out/matrix_th08_th10_th12_th15/th12_stage1_to_th10.decl:378,29: instr_set_types: in sub BossCard1: wrong argument type for parameter 1 for opcode 321 (expected: f, got: S)
thecl.exe:th062/ecl_ir_out/matrix_th08_th10_th12_th15/th12_stage1_to_th10.decl:378,29: instr_set_types: in sub BossCard1: wrong argument type for parameter 2 for opcode 321 (expected: f, got: S)
thecl.exe:th062/ecl_ir_out/matrix_th08_th10_th12_th15/th12_stage1_to_th10.decl:395,32: instr_set_types: in sub BossCard1: wrong argument type for parameter 1 for opcode 321 (expected: f, got: S)
thecl.exe:th062/ecl_ir_out/matrix_th08_th10_th12_th15/th12_stage1_to_th10.decl:395,32: instr_set_types: in sub BossCard1: wrong argument type for parameter 2 for opcode 321 (expected: f, got: S)
thecl.exe:th062/ecl_ir_out/matrix_th08_th10_th12_th15/th12_stage1_to_th10.decl:508,53: instr_set_types: in sub BossCard1_at: wrong argument type for parameter 1 for opcode 322 (expected: S, got: f)
thecl.exe:th062/ecl_ir_out/matrix_th08_th10_th12_th15/th12_stage1_to_th10.decl:525,47: instr_set_types: in sub BossCard1_at: wrong argument type for parameter 1 for opcode 322 (expected: S, got: f)
thecl.exe:th062/ecl_ir_out/matrix_th08_th10_th12_th15/th12_stage1_to_th10.decl:542,33: instr_set_types: in sub BossCard1_at: wrong argument type for parameter 1 for opcode 321 (expected: f, got: S)
thecl.exe:th062/ecl_ir_out/matrix_th08_th10_th12_th15/th12_stage1_to_th10.decl:542,33: instr_set_types: in sub BossCard1_at: wrong argument type for parameter 2 for opcode 321 (expected: f, got: S)
thecl.exe:th062/ecl_ir_out/matrix_th08_th10_th12_th15/th12_stage1_to_th10.decl:560,47: instr_set_types: in sub BossCard1_at: wrong argument type for parameter 1 for opcode 322 (expected: S, got: f)
thecl.exe:th062/ecl_ir_out/matrix_th08_th10_th12_th15/th12_stage1_to_th10.decl:577,53: instr_set_types: in sub BossCard1_at: wrong argument type for parameter 1 for opcode 322 (expected: S, got: f)
thecl.exe:th062/ecl_ir_out/matrix_th08_th10_th12_th15/th12_stage1_to_th10.decl:594,33: instr_set_types: in sub BossCard1_at: wrong argument type for parameter 1 for opcode 321 (expected: f, got: S)
thecl.exe:th062/ecl_ir_out/matrix_th08_th10_th12_th15/th12_stage1_to_th10.decl:594,33: instr_set_types: in sub BossCard1_at: wrong argument type for parameter 2 for opcode 321 (expected: f, got: S)
thecl.exe:th062/ecl_ir_out/matrix_th08_th10_th12_th15/th12_stage1_to_th10.decl:692,53: instr_set_types: in sub BossCard1_atH: wrong argument type for parameter 1 for opcode 322 (expected: S, got: f)
thecl.exe:th062/ecl_ir_out/matrix_th08_th10_th12_th15/th12_stage1_to_th10.decl:709,47: instr_set_types: in sub BossCard1_atH: wrong argument type for parameter 1 for opcode 322 (expected: S, got: f)
thecl.exe:th062/ecl_ir_out/matrix_th08_th10_th12_th15/th12_stage1_to_th10.decl:726,33: instr_set_types: in sub BossCard1_atH: wrong argument type for parameter 1 for opcode 321 (expected: f, got: S)
thecl.exe:th062/ecl_ir_out/matrix_th08_th10_th12_th15/th12_stage1_to_th10.decl:726,33: instr_set_types: in sub BossCard1_atH: wrong argument type for parameter 2 for opcode 321 (expected: f, got: S)
thecl.exe:th062/ecl_ir_out/matrix_th08_th10_th12_th15/th12_stage1_to_th10.decl:744,47: instr_set_types: in sub BossCard1_atH: wrong argument type for parameter 1 for opcode 322 (expected: S, got: f)
thecl.exe:th062/ecl_ir_out/matrix_th08_th10_th12_th15/th12_stage1_to_th10.decl:761,53: instr_set_types: in sub BossCard1_atH: wrong argument type for parameter 1 for opcode 322 (expected: S, got: f)
thecl.exe:th062/ecl_ir_out/matrix_th08_th10_th12_th15/th12_stage1_to_th10.decl:778,33: instr_set_types: in sub BossCard1_atH: wrong argument type for parameter 1 for opcode 321 (expected: f, got: S)
thecl.exe:th062/ecl_ir_out/matrix_th08_th10_th12_th15/th12_stage1_to_th10.decl:778,33: instr_set_types: in sub BossCard1_atH: wrong argument type for parameter 2 for opcode 321 (expected: f, got: S)
thecl.exe:th062/ecl_ir_out/matrix_th08_th10_th12_th15/th12_stage1_to_th10.decl:874,53: instr_set_types: in sub BossCard1_atL: wrong argument type for parameter 1 for opcode 322 (expected: S, got: f)
thecl.exe:th062/ecl_ir_out/matrix_th08_th10_th12_th15/th12_stage1_to_th10.decl:888,47: instr_set_types: in sub BossCard1_atL: wrong argument type for parameter 1 for opcode 322 (expected: S, got: f)
thecl.exe:th062/ecl_ir_out/matrix_th08_th10_th12_th15/th12_stage1_to_th10.decl:902,33: instr_set_types: in sub BossCard1_atL: wrong argument type for parameter 1 for opcode 321 (expected: f, got: S)
thecl.exe:th062/ecl_ir_out/matrix_th08_th10_th12_th15/th12_stage1_to_th10.decl:902,33: instr_set_types: in sub BossCard1_atL: wrong argument type for parameter 2 for opcode 321 (expected: f, got: S)
thecl.exe:th062/ecl_ir_out/matrix_th08_th10_th12_th15/th12_stage1_to_th10.decl:918,47: instr_set_types: in sub BossCard1_atL: wrong argument type for parameter 1 for opcode 322 (expected: S, got: f)
thecl.exe:th062/ecl_ir_out/matrix_th08_th10_th12_th15/th12_stage1_to_th10.decl:932,53: instr_set_types: in sub BossCard1_atL: wrong argument type for parameter 1 for opcode 322 (expected: S, got: f)
thecl.exe:th062/ecl_ir_out/matrix_th08_th10_th12_th15/th12_stage1_to_th10.decl:946,33: instr_set_types: in sub BossCard1_atL: wrong argument type for parameter 1 for opcode 321 (expected: f, got: S)
thecl.exe:th062/ecl_ir_out/matrix_th08_th10_th12_th15/th12_stage1_to_th10.decl:946,33: instr_set_types: in sub BossCard1_atL: wrong argument type for parameter 2 for opcode 321 (expected: f, got: S)
thecl.exe:th062/ecl_ir_out/matrix_th08_th10_th12_th15/th12_stage1_to_th10.decl:984,23: instr_set_types: in sub BossCard2: wrong argument type for parameter 1 for opcode 322 (expected: S, got: f)
thecl.exe:th062/ecl_ir_out/matrix_th08_th10_th12_th15/th12_stage1_to_th10.decl:988,29: instr_set_types: in sub BossCard2: wrong argument type for parameter 1 for opcode 321 (expected: f, got: S)
thecl.exe:th062/ecl_ir_out/matrix_th08_th10_th12_th15/th12_stage1_to_th10.decl:988,29: instr_set_types: in sub BossCard2: wrong argument type for parameter 2 for opcode 321 (expected: f, got: S)
thecl.exe:th062/ecl_ir_out/matrix_th08_th10_th12_th15/th12_stage1_to_th10.decl:1002,32: instr_set_types: in sub BossCard2: wrong argument type for parameter 1 for opcode 321 (expected: f, got: S)
thecl.exe:th062/ecl_ir_out/matrix_th08_th10_th12_th15/th12_stage1_to_th10.decl:1002,32: instr_set_types: in sub BossCard2: wrong argument type for parameter 2 for opcode 321 (expected: f, got: S)
thecl.exe:th062/ecl_ir_out/matrix_th08_th10_th12_th15/th12_stage1_to_th10.decl:1304,29: instr_set_types: in sub BossDead: wrong argument type for parameter 1 for opcode 322 (expected: S, got: f)
thecl.exe:th062/ecl_ir_out/matrix_th08_th10_th12_th15/th12_stage1_to_th10.decl:1435,52: instr_set_types: in sub Girl00: wrong argument type for parameter 1 for opcode 322 (expected: S, got: f)
thecl.exe:th062/ecl_ir_out/matrix_th08_th10_th12_th15/th12_stage1_to_th10.decl:1484,29: instr_set_types: in sub Girl01: wrong argument type for parameter 1 for opcode 322 (expected: S, got: f)
thecl.exe:th062/ecl_ir_out/matrix_th08_th10_th12_th15/th12_stage1_to_th10.decl:1489,29: instr_set_types: in sub Girl01: wrong argument type for parameter 1 for opcode 322 (expected: S, got: f)
thecl.exe:th062/ecl_ir_out/matrix_th08_th10_th12_th15/th12_stage1_to_th10.decl:1508,29: instr_set_types: in sub Girl02: wrong argument type for parameter 1 for opcode 322 (expected: S, got: f)
thecl.exe:th062/ecl_ir_out/matrix_th08_th10_th12_th15/th12_stage1_to_th10.decl:1533,29: instr_set_types: in sub Girl03: wrong argument type for parameter 1 for opcode 322 (expected: S, got: f)
thecl.exe:th062/ecl_ir_out/matrix_th08_th10_th12_th15/th12_stage1_to_th10.decl:1590,30: instr_set_types: in sub Girl04: wrong argument type for parameter 1 for opcode 322 (expected: S, got: f)
thecl.exe:th062/ecl_ir_out/matrix_th08_th10_th12_th15/th12_stage1_to_th10.decl:1629,29: instr_set_types: in sub Girl05: wrong argument type for parameter 1 for opcode 322 (expected: S, got: f)
thecl.exe:th062/ecl_ir_out/matrix_th08_th10_th12_th15/th12_stage1_to_th10.decl:1656,29: instr_set_types: in sub Girl06: wrong argument type for parameter 1 for opcode 322 (expected: S, got: f)
thecl.exe:th062/ecl_ir_out/matrix_th08_th10_th12_th15/th12_stage1_to_th10.decl:1747,29: instr_set_types: in sub Girl07: wrong argument type for parameter 1 for opcode 322 (expected: S, got: f)
thecl.exe:th062/ecl_ir_out/matrix_th08_th10_th12_th15/th12_stage1_to_th10.decl:1776,29: instr_set_types: in sub Girl08: wrong argument type for parameter 1 for opcode 322 (expected: S, got: f)
thecl.exe:th062/ecl_ir_out/matrix_th08_th10_th12_th15/th12_stage1_to_th10.decl:1869,31: instr_set_types: in sub Girl09: wrong argument type for parameter 1 for opcode 322 (expected: S, got: f)
thecl.exe:th062/ecl_ir_out/matrix_th08_th10_th12_th15/th12_stage1_to_th10.decl:1949,52: instr_set_types: in sub Girl10: wrong argument type for parameter 1 for opcode 322 (expected: S, got: f)
thecl.exe:th062/ecl_ir_out/matrix_th08_th10_th12_th15/th12_stage1_to_th10.decl:1979,29: instr_set_types: in sub Girl11: wrong argument type for parameter 1 for opcode 322 (expected: S, got: f)
thecl.exe:th062/ecl_ir_out/matrix_th08_th10_th12_th15/th12_stage1_to_th10.decl:1984,31: instr_set_types: in sub Girl11: wrong argument type for parameter 1 for opcode 322 (expected: S, got: f)
thecl.exe:th062/ecl_ir_out/matrix_th08_th10_th12_th15/th12_stage1_to_th10.decl:2069,29: instr_set_types: in sub Girl11b: wrong argument type for parameter 1 for opcode 322 (expected: S, got: f)
thecl.exe:th062/ecl_ir_out/matrix_th08_th10_th12_th15/th12_stage1_to_th10.decl:2074,31: instr_set_types: in sub Girl11b: wrong argument type for parameter 1 for opcode 322 (expected: S, got: f)
thecl.exe:th062/ecl_ir_out/matrix_th08_th10_th12_th15/th12_stage1_to_th10.decl:2101,29: instr_set_types: in sub GirlTest: wrong argument type for parameter 1 for opcode 322 (expected: S, got: f)
thecl.exe:th062/ecl_ir_out/matrix_th08_th10_th12_th15/th12_stage1_to_th10.decl:2201,33: instr_set_types: in sub MBoss: wrong argument type for parameter 1 for opcode 321 (expected: f, got: S)
thecl.exe:th062/ecl_ir_out/matrix_th08_th10_th12_th15/th12_stage1_to_th10.decl:2201,33: instr_set_types: in sub MBoss: wrong argument type for parameter 2 for opcode 321 (expected: f, got: S)
thecl.exe:th062/ecl_ir_out/matrix_th08_th10_th12_th15/th12_stage1_to_th10.decl:2249,23: instr_set_types: in sub MBoss2: wrong argument type for parameter 1 for opcode 322 (expected: S, got: f)
thecl.exe:th062/ecl_ir_out/matrix_th08_th10_th12_th15/th12_stage1_to_th10.decl:2253,29: instr_set_types: in sub MBoss2: wrong argument type for parameter 1 for opcode 321 (expected: f, got: S)
thecl.exe:th062/ecl_ir_out/matrix_th08_th10_th12_th15/th12_stage1_to_th10.decl:2253,29: instr_set_types: in sub MBoss2: wrong argument type for parameter 2 for opcode 321 (expected: f, got: S)
thecl.exe:th062/ecl_ir_out/matrix_th08_th10_th12_th15/th12_stage1_to_th10.decl:2274,32: instr_set_types: in sub MBoss2: wrong argument type for parameter 1 for opcode 321 (expected: f, got: S)
thecl.exe:th062/ecl_ir_out/matrix_th08_th10_th12_th15/th12_stage1_to_th10.decl:2274,32: instr_set_types: in sub MBoss2: wrong argument type for parameter 2 for opcode 321 (expected: f, got: S)
thecl.exe:th062/ecl_ir_out/matrix_th08_th10_th12_th15/th12_stage1_to_th10.decl:2369,23: instr_set_types: in sub MBossCard1: wrong argument type for parameter 1 for opcode 322 (expected: S, got: f)
thecl.exe:th062/ecl_ir_out/matrix_th08_th10_th12_th15/th12_stage1_to_th10.decl:2373,29: instr_set_types: in sub MBossCard1: wrong argument type for parameter 1 for opcode 321 (expected: f, got: S)
thecl.exe:th062/ecl_ir_out/matrix_th08_th10_th12_th15/th12_stage1_to_th10.decl:2373,29: instr_set_types: in sub MBossCard1: wrong argument type for parameter 2 for opcode 321 (expected: f, got: S)
thecl.exe:th062/ecl_ir_out/matrix_th08_th10_th12_th15/th12_stage1_to_th10.decl:2382,33: instr_set_types: in sub MBossCard1: wrong argument type for parameter 1 for opcode 321 (expected: f, got: S)
thecl.exe:th062/ecl_ir_out/matrix_th08_th10_th12_th15/th12_stage1_to_th10.decl:2382,33: instr_set_types: in sub MBossCard1: wrong argument type for parameter 2 for opcode 321 (expected: f, got: S)
thecl.exe:th062/ecl_ir_out/matrix_th08_th10_th12_th15/th12_stage1_to_th10.decl:2395,51: instr_set_types: in sub MBossCard1: wrong argument type for parameter 1 for opcode 321 (expected: f, got: S)
thecl.exe:th062/ecl_ir_out/matrix_th08_th10_th12_th15/th12_stage1_to_th10.decl:2395,51: instr_set_types: in sub MBossCard1: wrong argument type for parameter 2 for opcode 321 (expected: f, got: S)
thecl.exe:th062/ecl_ir_out/matrix_th08_th10_th12_th15/th12_stage1_to_th10.decl:2398,29: instr_set_types: in sub MBossCard1: wrong argument type for parameter 1 for opcode 322 (expected: S, got: f)
thecl.exe:th062/ecl_ir_out/matrix_th08_th10_th12_th15/th12_stage1_to_th10.decl:2540,29: instr_set_types: in sub MBossDead: wrong argument type for parameter 1 for opcode 321 (expected: f, got: S)
thecl.exe:th062/ecl_ir_out/matrix_th08_th10_th12_th15/th12_stage1_to_th10.decl:2540,29: instr_set_types: in sub MBossDead: wrong argument type for parameter 2 for opcode 321 (expected: f, got: S)
thecl.exe:th062/ecl_ir_out/matrix_th08_th10_th12_th15/th12_stage1_to_th10.decl:2542,53: instr_set_types: in sub MBossDead: wrong argument type for parameter 1 for opcode 322 (expected: S, got: f)
thecl.exe:th062/ecl_ir_out/matrix_th08_th10_th12_th15/th12_stage1_to_th10.decl:2568,47: instr_set_types: in sub MBossDead: wrong argument type for parameter 1 for opcode 321 (expected: f, got: S)
thecl.exe:th062/ecl_ir_out/matrix_th08_th10_th12_th15/th12_stage1_to_th10.decl:2568,47: instr_set_types: in sub MBossDead: wrong argument type for parameter 2 for opcode 321 (expected: f, got: S)
thecl.exe:th062/ecl_ir_out/matrix_th08_th10_th12_th15/th12_stage1_to_th10.decl:2597,32: instr_set_types: in sub MBossEscape: wrong argument type for parameter 1 for opcode 321 (expected: f, got: S)
thecl.exe:th062/ecl_ir_out/matrix_th08_th10_th12_th15/th12_stage1_to_th10.decl:2597,32: instr_set_types: in sub MBossEscape: wrong argument type for parameter 2 for opcode 321 (expected: f, got: S)
thecl.exe:th062/ecl_ir_out/matrix_th08_th10_th12_th15/th12_stage1_to_th10.decl:2626,30: instr_set_types: in sub MBoss_at1: wrong argument type for parameter 1 for opcode 322 (expected: S, got: f)
thecl.exe:th062/ecl_ir_out/matrix_th08_th10_th12_th15/th12_stage1_to_th10.decl:2632,30: instr_set_types: in sub MBoss_at1: wrong argument type for parameter 1 for opcode 322 (expected: S, got: f)
thecl.exe:th062/ecl_ir_out/matrix_th08_th10_th12_th15/th12_stage1_to_th10.decl:2649,30: instr_set_types: in sub MBoss_at1: wrong argument type for parameter 1 for opcode 322 (expected: S, got: f)
thecl.exe:th10_instr_serialize: in sub Boss: too many arguments for opcode 321
thecl.exe:th10_instr_serialize: in sub Boss2: too many arguments for opcode 322
thecl.exe:th10_instr_serialize: in sub Boss2: too many arguments for opcode 323
thecl.exe:th10_instr_serialize: in sub Boss2: too many arguments for opcode 321
thecl.exe:th10_instr_serialize: in sub BossCard1: too many arguments for opcode 322
thecl.exe:th10_instr_serialize: in sub BossCard1: too many arguments for opcode 323
thecl.exe:th10_instr_serialize: in sub BossCard1: too many arguments for opcode 321
thecl.exe:th10_instr_serialize: in sub BossCard1: too many arguments for opcode 321
thecl.exe:th10_instr_serialize: in sub BossCard1_at: too few arguments for opcode 408
thecl.exe:th10_instr_serialize: in sub BossCard1_at: too many arguments for opcode 322
thecl.exe:th10_instr_serialize: in sub BossCard1_at: too many arguments for opcode 323
thecl.exe:th10_instr_serialize: in sub BossCard1_at: too many arguments for opcode 322
thecl.exe:th10_instr_serialize: in sub BossCard1_at: too many arguments for opcode 323
thecl.exe:th10_instr_serialize: in sub BossCard1_at: too many arguments for opcode 321
thecl.exe:th10_instr_serialize: in sub BossCard1_at: too many arguments for opcode 322
thecl.exe:th10_instr_serialize: in sub BossCard1_at: too many arguments for opcode 323
thecl.exe:th10_instr_serialize: in sub BossCard1_at: too many arguments for opcode 322
thecl.exe:th10_instr_serialize: in sub BossCard1_at: too many arguments for opcode 323
thecl.exe:th10_instr_serialize: in sub BossCard1_at: too many arguments for opcode 321
thecl.exe:th10_instr_serialize: in sub BossCard1_atH: too few arguments for opcode 408
thecl.exe:th10_instr_serialize: in sub BossCard1_atH: too many arguments for opcode 322
thecl.exe:th10_instr_serialize: in sub BossCard1_atH: too many arguments for opcode 323
thecl.exe:th10_instr_serialize: in sub BossCard1_atH: too many arguments for opcode 322
thecl.exe:th10_instr_serialize: in sub BossCard1_atH: too many arguments for opcode 323
thecl.exe:th10_instr_serialize: in sub BossCard1_atH: too many arguments for opcode 321
thecl.exe:th10_instr_serialize: in sub BossCard1_atH: too many arguments for opcode 322
thecl.exe:th10_instr_serialize: in sub BossCard1_atH: too many arguments for opcode 323
thecl.exe:th10_instr_serialize: in sub BossCard1_atH: too many arguments for opcode 322
thecl.exe:th10_instr_serialize: in sub BossCard1_atH: too many arguments for opcode 323
thecl.exe:th10_instr_serialize: in sub BossCard1_atH: too many arguments for opcode 321
thecl.exe:th10_instr_serialize: in sub BossCard1_atL: too few arguments for opcode 408
thecl.exe:th10_instr_serialize: in sub BossCard1_atL: too many arguments for opcode 322
thecl.exe:th10_instr_serialize: in sub BossCard1_atL: too many arguments for opcode 323
thecl.exe:th10_instr_serialize: in sub BossCard1_atL: too many arguments for opcode 322
thecl.exe:th10_instr_serialize: in sub BossCard1_atL: too many arguments for opcode 323
thecl.exe:th10_instr_serialize: in sub BossCard1_atL: too many arguments for opcode 321
thecl.exe:th10_instr_serialize: in sub BossCard1_atL: too many arguments for opcode 322
thecl.exe:th10_instr_serialize: in sub BossCard1_atL: too many arguments for opcode 323
thecl.exe:th10_instr_serialize: in sub BossCard1_atL: too many arguments for opcode 322
thecl.exe:th10_instr_serialize: in sub BossCard1_atL: too many arguments for opcode 323
thecl.exe:th10_instr_serialize: in sub BossCard1_atL: too many arguments for opcode 321
thecl.exe:th10_instr_serialize: in sub BossCard2: too many arguments for opcode 322
thecl.exe:th10_instr_serialize: in sub BossCard2: too many arguments for opcode 323
thecl.exe:th10_instr_serialize: in sub BossCard2: too many arguments for opcode 321
thecl.exe:th10_instr_serialize: in sub BossCard2: too many arguments for opcode 321
thecl.exe:th10_instr_serialize: in sub BossDead: too many arguments for opcode 322
thecl.exe:th10_instr_serialize: in sub Girl00: too many arguments for opcode 322
thecl.exe:th10_instr_serialize: in sub Girl00: too many arguments for opcode 323
thecl.exe:th10_instr_serialize: in sub Girl00: too many arguments for opcode 323
thecl.exe:th10_instr_serialize: in sub Girl00Dead: too few arguments for opcode 408
thecl.exe:th10_instr_serialize: in sub Girl01: too many arguments for opcode 322
thecl.exe:th10_instr_serialize: in sub Girl01: too many arguments for opcode 323
thecl.exe:th10_instr_serialize: in sub Girl01: too many arguments for opcode 322
thecl.exe:th10_instr_serialize: in sub Girl02: too many arguments for opcode 322
thecl.exe:th10_instr_serialize: in sub Girl02: too many arguments for opcode 323
thecl.exe:th10_instr_serialize: in sub Girl03: too many arguments for opcode 322
thecl.exe:th10_instr_serialize: in sub Girl03: too many arguments for opcode 323
thecl.exe:th10_instr_serialize: in sub Girl03: too many arguments for opcode 323
thecl.exe:th10_instr_serialize: in sub Girl04: too many arguments for opcode 322
thecl.exe:th10_instr_serialize: in sub Girl04: too many arguments for opcode 323
thecl.exe:th10_instr_serialize: in sub Girl05: too many arguments for opcode 322
thecl.exe:th10_instr_serialize: in sub Girl05: too many arguments for opcode 323
thecl.exe:th10_instr_serialize: in sub Girl06: too many arguments for opcode 322
thecl.exe:th10_instr_serialize: in sub Girl06: too many arguments for opcode 323
thecl.exe:th10_instr_serialize: in sub Girl06: too many arguments for opcode 323
thecl.exe:th10_instr_serialize: in sub Girl07: too many arguments for opcode 322
thecl.exe:th10_instr_serialize: in sub Girl07: too many arguments for opcode 323
thecl.exe:th10_instr_serialize: in sub Girl08: too many arguments for opcode 322
thecl.exe:th10_instr_serialize: in sub Girl08: too many arguments for opcode 323
thecl.exe:th10_instr_serialize: in sub Girl08: too many arguments for opcode 323
thecl.exe:th10_instr_serialize: in sub Girl09: too many arguments for opcode 322
thecl.exe:th10_instr_serialize: in sub Girl09: too many arguments for opcode 323
thecl.exe:th10_instr_serialize: in sub Girl10: too many arguments for opcode 322
thecl.exe:th10_instr_serialize: in sub Girl10: too many arguments for opcode 323
thecl.exe:th10_instr_serialize: in sub Girl10: too many arguments for opcode 323
thecl.exe:th10_instr_serialize: in sub Girl11: too many arguments for opcode 322
thecl.exe:th10_instr_serialize: in sub Girl11: too many arguments for opcode 323
thecl.exe:th10_instr_serialize: in sub Girl11: too many arguments for opcode 322
thecl.exe:th10_instr_serialize: in sub Girl11: too many arguments for opcode 323
thecl.exe:th10_instr_serialize: in sub Girl11b: too many arguments for opcode 322
thecl.exe:th10_instr_serialize: in sub Girl11b: too many arguments for opcode 323
thecl.exe:th10_instr_serialize: in sub Girl11b: too many arguments for opcode 322
thecl.exe:th10_instr_serialize: in sub Girl11b: too many arguments for opcode 323
thecl.exe:th10_instr_serialize: in sub GirlTest: too many arguments for opcode 322
thecl.exe:th10_instr_serialize: in sub GirlTest: too many arguments for opcode 323
thecl.exe:th10_instr_serialize: in sub GirlTest: too many arguments for opcode 323
thecl.exe:th10_instr_serialize: in sub MBoss: too many arguments for opcode 321
thecl.exe:th10_instr_serialize: in sub MBoss2: too many arguments for opcode 322
thecl.exe:th10_instr_serialize: in sub MBoss2: too many arguments for opcode 323
thecl.exe:th10_instr_serialize: in sub MBoss2: too many arguments for opcode 321
thecl.exe:th10_instr_serialize: in sub MBoss2: too many arguments for opcode 321
thecl.exe:th10_instr_serialize: in sub MBossCard1: too many arguments for opcode 322
thecl.exe:th10_instr_serialize: in sub MBossCard1: too many arguments for opcode 323
thecl.exe:th10_instr_serialize: in sub MBossCard1: too many arguments for opcode 321
thecl.exe:th10_instr_serialize: in sub MBossCard1: too many arguments for opcode 321
thecl.exe:th10_instr_serialize: in sub MBossCard1: too many arguments for opcode 321
thecl.exe:th10_instr_serialize: in sub MBossCard1: too many arguments for opcode 322
thecl.exe:th10_instr_serialize: in sub MBossCard1At: too few arguments for opcode 408
thecl.exe:th10_instr_serialize: in sub MBossCard1At2: too few arguments for opcode 408
thecl.exe:th10_instr_serialize: in sub MBossCard1At2b: too few arguments for opcode 408
thecl.exe:th10_instr_serialize: in sub MBossDead: too many arguments for opcode 321
thecl.exe:th10_instr_serialize: in sub MBossDead: too many arguments for opcode 322
thecl.exe:th10_instr_serialize: in sub MBossDead: too many arguments for opcode 323
thecl.exe:th10_instr_serialize: in sub MBossDead: too many arguments for opcode 321
thecl.exe:th10_instr_serialize: in sub MBossEscape: too many arguments for opcode 321
thecl.exe:th10_instr_serialize: in sub MBoss_at1: too many arguments for opcode 322
thecl.exe:th10_instr_serialize: in sub MBoss_at1: too many arguments for opcode 323
thecl.exe:th10_instr_serialize: in sub MBoss_at1: too many arguments for opcode 322
thecl.exe:th10_instr_serialize: in sub MBoss_at1: too many arguments for opcode 323
thecl.exe:th10_instr_serialize: in sub MBoss_at1: too many arguments for opcode 322
00d4:fixme:kernelbase:AppPolicyGetProcessTerminationMethod FFFFFFFA, 0022FE0C
