002c:err:wineboot:process_run_key Error running cmd L"C:\\windows\\system32\\winemenubuilder.exe -a -r" (2).
thecl.exe:th062/ecl_ir_out/matrix_mid_retry/th15_stage1_to_th10.decl:19,29: instr_set_types: in sub GirlA01: wrong argument type for parameter 1 for opcode 322 (expected: S, got: f)
thecl.exe: id 23 was not found in the format table
thecl.exe: id 23 was not found in the format table
thecl.exe: id 23 was not found in the format table
thecl.exe: id 23 was not found in the format table
thecl.exe: id 23 was not found in the format table
thecl.exe: id 23 was not found in the format table
thecl.exe: id 23 was not found in the format table
thecl.exe: id 23 was not found in the format table
thecl.exe:th062/ecl_ir_out/matrix_mid_retry/th15_stage1_to_th10.decl:126,29: instr_set_types: in sub GirlA02: wrong argument type for parameter 1 for opcode 322 (expected: S, got: f)
thecl.exe: id 23 was not found in the format table
thecl.exe: id 23 was not found in the format table
thecl.exe: id 23 was not found in the format table
thecl.exe: id 23 was not found in the format table
thecl.exe: id 23 was not found in the format table
thecl.exe: id 23 was not found in the format table
thecl.exe: id 23 was not found in the format table
thecl.exe: id 23 was not found in the format table
thecl.exe:th062/ecl_ir_out/matrix_mid_retry/th15_stage1_to_th10.decl:233,29: instr_set_types: in sub GirlA03: wrong argument type for parameter 1 for opcode 322 (expected: S, got: f)
thecl.exe: id 23 was not found in the format table
thecl.exe: id 23 was not found in the format table
thecl.exe: id 23 was not found in the format table
thecl.exe: id 23 was not found in the format table
thecl.exe: id 23 was not found in the format table
thecl.exe: id 23 was not found in the format table
thecl.exe: id 23 was not found in the format table
thecl.exe: id 23 was not found in the format table
thecl.exe:th062/ecl_ir_out/matrix_mid_retry/th15_stage1_to_th10.decl:317,29: instr_set_types: in sub GirlB01: wrong argument type for parameter 1 for opcode 322 (expected: S, got: f)
thecl.exe:th062/ecl_ir_out/matrix_mid_retry/th15_stage1_to_th10.decl:323,29: instr_set_types: in sub GirlB01: wrong argument type for parameter 1 for opcode 322 (expected: S, got: f)
thecl.exe: id 23 was not found in the format table
thecl.exe: id 23 was not found in the format table
thecl.exe: id 23 was not found in the format table
thecl.exe: id 23 was not found in the format table
thecl.exe:th062/ecl_ir_out/matrix_mid_retry/th15_stage1_to_th10.decl:396,31: instr_set_types: in sub GirlB02: wrong argument type for parameter 1 for opcode 322 (expected: S, got: f)
thecl.exe:th062/ecl_ir_out/matrix_mid_retry/th15_stage1_to_th10.decl:535,29: instr_set_types: in sub GirlC01: wrong argument type for parameter 1 for opcode 322 (expected: S, got: f)
thecl.exe: id 23 was not found in the format table
thecl.exe: id 23 was not found in the format table
thecl.exe: id 23 was not found in the format table
thecl.exe: id 23 was not found in the format table
thecl.exe: id 23 was not found in the format table
thecl.exe: id 23 was not found in the format table
thecl.exe: id 23 was not found in the format table
thecl.exe: id 23 was not found in the format table
thecl.exe:th062/ecl_ir_out/matrix_mid_retry/th15_stage1_to_th10.decl:629,29: instr_set_types: in sub GirlD01: wrong argument type for parameter 1 for opcode 322 (expected: S, got: f)
thecl.exe: id 23 was not found in the format table
thecl.exe: id 23 was not found in the format table
thecl.exe: id 23 was not found in the format table
thecl.exe: id 23 was not found in the format table
thecl.exe: id 23 was not found in the format table
thecl.exe: id 23 was not found in the format table
thecl.exe: id 23 was not found in the format table
thecl.exe: id 23 was not found in the format table
thecl.exe:th062/ecl_ir_out/matrix_mid_retry/th15_stage1_to_th10.decl:767,29: instr_set_types: in sub GirlD02: wrong argument type for parameter 1 for opcode 322 (expected: S, got: f)
thecl.exe: id 23 was not found in the format table
thecl.exe: id 23 was not found in the format table
thecl.exe: id 23 was not found in the format table
thecl.exe: id 23 was not found in the format table
thecl.exe: id 23 was not found in the format table
thecl.exe: id 23 was not found in the format table
thecl.exe: id 23 was not found in the format table
thecl.exe: id 23 was not found in the format table
thecl.exe:th062/ecl_ir_out/matrix_mid_retry/th15_stage1_to_th10.decl:1486,29: instr_set_types: in sub Phantom01: wrong argument type for parameter 1 for opcode 322 (expected: S, got: f)
thecl.exe:th062/ecl_ir_out/matrix_mid_retry/th15_stage1_to_th10.decl:1547,29: instr_set_types: in sub Phantom02: wrong argument type for parameter 1 for opcode 322 (expected: S, got: f)
thecl.exe:th062/ecl_ir_out/matrix_mid_retry/th15_stage1_to_th10.decl:1555,30: instr_set_types: in sub Phantom02: wrong argument type for parameter 1 for opcode 322 (expected: S, got: f)
thecl.exe:th062/ecl_ir_out/matrix_mid_retry/th15_stage1_to_th10.decl:1608,29: instr_set_types: in sub Phantom02b: wrong argument type for parameter 1 for opcode 322 (expected: S, got: f)
thecl.exe:th10_instr_serialize: in sub GirlA01: too many arguments for opcode 322
thecl.exe:th10_instr_serialize: in sub GirlA01: too many arguments for opcode 323
thecl.exe:th10_instr_serialize: in sub GirlA01: too many arguments for opcode 323
thecl.exe: id 23 was not found in the format table
thecl.exe:th10_instr_serialize: in sub GirlA01_at: instruction with id 23 is not known to exist in version 10
thecl.exe: id 23 was not found in the format table
thecl.exe:th10_instr_serialize: in sub GirlA01_at: instruction with id 23 is not known to exist in version 10
thecl.exe: id 23 was not found in the format table
thecl.exe:th10_instr_serialize: in sub GirlA01_at: instruction with id 23 is not known to exist in version 10
thecl.exe: id 23 was not found in the format table
thecl.exe:th10_instr_serialize: in sub GirlA01_at: instruction with id 23 is not known to exist in version 10
thecl.exe: id 23 was not found in the format table
thecl.exe:th10_instr_serialize: in sub GirlA01_at: instruction with id 23 is not known to exist in version 10
thecl.exe: id 23 was not found in the format table
thecl.exe:th10_instr_serialize: in sub GirlA01_at: instruction with id 23 is not known to exist in version 10
thecl.exe: id 23 was not found in the format table
thecl.exe:th10_instr_serialize: in sub GirlA01_at: instruction with id 23 is not known to exist in version 10
thecl.exe: id 23 was not found in the format table
thecl.exe:th10_instr_serialize: in sub GirlA01_at: instruction with id 23 is not known to exist in version 10
thecl.exe:th10_instr_serialize: in sub GirlA02: too many arguments for opcode 322
thecl.exe:th10_instr_serialize: in sub GirlA02: too many arguments for opcode 323
thecl.exe:th10_instr_serialize: in sub GirlA02: too many arguments for opcode 323
thecl.exe: id 23 was not found in the format table
thecl.exe:th10_instr_serialize: in sub GirlA02_at: instruction with id 23 is not known to exist in version 10
thecl.exe: id 23 was not found in the format table
thecl.exe:th10_instr_serialize: in sub GirlA02_at: instruction with id 23 is not known to exist in version 10
thecl.exe: id 23 was not found in the format table
thecl.exe:th10_instr_serialize: in sub GirlA02_at: instruction with id 23 is not known to exist in version 10
thecl.exe: id 23 was not found in the format table
thecl.exe:th10_instr_serialize: in sub GirlA02_at: instruction with id 23 is not known to exist in version 10
thecl.exe: id 23 was not found in the format table
thecl.exe:th10_instr_serialize: in sub GirlA02_at: instruction with id 23 is not known to exist in version 10
thecl.exe: id 23 was not found in the format table
thecl.exe:th10_instr_serialize: in sub GirlA02_at: instruction with id 23 is not known to exist in version 10
thecl.exe: id 23 was not found in the format table
thecl.exe:th10_instr_serialize: in sub GirlA02_at: instruction with id 23 is not known to exist in version 10
thecl.exe: id 23 was not found in the format table
thecl.exe:th10_instr_serialize: in sub GirlA02_at: instruction with id 23 is not known to exist in version 10
thecl.exe:th10_instr_serialize: in sub GirlA03: too many arguments for opcode 322
thecl.exe: id 23 was not found in the format table
thecl.exe:th10_instr_serialize: in sub GirlA03_at: instruction with id 23 is not known to exist in version 10
thecl.exe: id 23 was not found in the format table
thecl.exe:th10_instr_serialize: in sub GirlA03_at: instruction with id 23 is not known to exist in version 10
thecl.exe: id 23 was not found in the format table
thecl.exe:th10_instr_serialize: in sub GirlA03_at: instruction with id 23 is not known to exist in version 10
thecl.exe: id 23 was not found in the format table
thecl.exe:th10_instr_serialize: in sub GirlA03_at: instruction with id 23 is not known to exist in version 10
thecl.exe: id 23 was not found in the format table
thecl.exe:th10_instr_serialize: in sub GirlA03_at: instruction with id 23 is not known to exist in version 10
thecl.exe: id 23 was not found in the format table
thecl.exe:th10_instr_serialize: in sub GirlA03_at: instruction with id 23 is not known to exist in version 10
thecl.exe: id 23 was not found in the format table
thecl.exe:th10_instr_serialize: in sub GirlA03_at: instruction with id 23 is not known to exist in version 10
thecl.exe: id 23 was not found in the format table
thecl.exe:th10_instr_serialize: in sub GirlA03_at: instruction with id 23 is not known to exist in version 10
thecl.exe:th10_instr_serialize: in sub GirlB01: too many arguments for opcode 322
thecl.exe:th10_instr_serialize: in sub GirlB01: too many arguments for opcode 323
thecl.exe:th10_instr_serialize: in sub GirlB01: too many arguments for opcode 322
thecl.exe:th10_instr_serialize: in sub GirlB01: too many arguments for opcode 323
thecl.exe: id 23 was not found in the format table
thecl.exe:th10_instr_serialize: in sub GirlB01_at: instruction with id 23 is not known to exist in version 10
thecl.exe: id 23 was not found in the format table
thecl.exe:th10_instr_serialize: in sub GirlB01_at: instruction with id 23 is not known to exist in version 10
thecl.exe: id 23 was not found in the format table
thecl.exe:th10_instr_serialize: in sub GirlB01_at: instruction with id 23 is not known to exist in version 10
thecl.exe: id 23 was not found in the format table
thecl.exe:th10_instr_serialize: in sub GirlB01_at: instruction with id 23 is not known to exist in version 10
thecl.exe:th10_instr_serialize: in sub GirlB02: too many arguments for opcode 322
thecl.exe:th10_instr_serialize: in sub GirlB02: too many arguments for opcode 323
thecl.exe:th10_instr_serialize: in sub GirlB02: too many arguments for opcode 323
thecl.exe:th10_instr_serialize: in sub GirlB02_at: too few arguments for opcode 408
thecl.exe:th10_instr_serialize: in sub GirlC01: too many arguments for opcode 322
thecl.exe:th10_instr_serialize: in sub GirlC01: too many arguments for opcode 323
thecl.exe: id 23 was not found in the format table
thecl.exe:th10_instr_serialize: in sub GirlC01_at: instruction with id 23 is not known to exist in version 10
thecl.exe: id 23 was not found in the format table
thecl.exe:th10_instr_serialize: in sub GirlC01_at: instruction with id 23 is not known to exist in version 10
thecl.exe: id 23 was not found in the format table
thecl.exe:th10_instr_serialize: in sub GirlC01_at: instruction with id 23 is not known to exist in version 10
thecl.exe: id 23 was not found in the format table
thecl.exe:th10_instr_serialize: in sub GirlC01_at: instruction with id 23 is not known to exist in version 10
thecl.exe: id 23 was not found in the format table
thecl.exe:th10_instr_serialize: in sub GirlC01_at: instruction with id 23 is not known to exist in version 10
thecl.exe: id 23 was not found in the format table
thecl.exe:th10_instr_serialize: in sub GirlC01_at: instruction with id 23 is not known to exist in version 10
thecl.exe: id 23 was not found in the format table
thecl.exe:th10_instr_serialize: in sub GirlC01_at: instruction with id 23 is not known to exist in version 10
thecl.exe: id 23 was not found in the format table
thecl.exe:th10_instr_serialize: in sub GirlC01_at: instruction with id 23 is not known to exist in version 10
thecl.exe:th10_instr_serialize: in sub GirlD01: too many arguments for opcode 322
thecl.exe:th10_instr_serialize: in sub GirlD01: too many arguments for opcode 323
thecl.exe: id 23 was not found in the format table
thecl.exe:th10_instr_serialize: in sub GirlD01_at: instruction with id 23 is not known to exist in version 10
thecl.exe: id 23 was not found in the format table
thecl.exe:th10_instr_serialize: in sub GirlD01_at: instruction with id 23 is not known to exist in version 10
thecl.exe: id 23 was not found in the format table
thecl.exe:th10_instr_serialize: in sub GirlD01_at: instruction with id 23 is not known to exist in version 10
thecl.exe: id 23 was not found in the format table
thecl.exe:th10_instr_serialize: in sub GirlD01_at: instruction with id 23 is not known to exist in version 10
thecl.exe: id 23 was not found in the format table
thecl.exe:th10_instr_serialize: in sub GirlD01_at2: instruction with id 23 is not known to exist in version 10
thecl.exe: id 23 was not found in the format table
thecl.exe:th10_instr_serialize: in sub GirlD01_at2: instruction with id 23 is not known to exist in version 10
thecl.exe: id 23 was not found in the format table
thecl.exe:th10_instr_serialize: in sub GirlD01_at2: instruction with id 23 is not known to exist in version 10
thecl.exe: id 23 was not found in the format table
thecl.exe:th10_instr_serialize: in sub GirlD01_at2: instruction with id 23 is not known to exist in version 10
thecl.exe:th10_instr_serialize: in sub GirlD02: too many arguments for opcode 322
thecl.exe:th10_instr_serialize: in sub GirlD02: too many arguments for opcode 323
thecl.exe: id 23 was not found in the format table
thecl.exe:th10_instr_serialize: in sub GirlD02_at: instruction with id 23 is not known to exist in version 10
thecl.exe: id 23 was not found in the format table
thecl.exe:th10_instr_serialize: in sub GirlD02_at: instruction with id 23 is not known to exist in version 10
thecl.exe: id 23 was not found in the format table
thecl.exe:th10_instr_serialize: in sub GirlD02_at: instruction with id 23 is not known to exist in version 10
thecl.exe: id 23 was not found in the format table
thecl.exe:th10_instr_serialize: in sub GirlD02_at: instruction with id 23 is not known to exist in version 10
thecl.exe: id 23 was not found in the format table
thecl.exe:th10_instr_serialize: in sub GirlD02_at2: instruction with id 23 is not known to exist in version 10
thecl.exe: id 23 was not found in the format table
thecl.exe:th10_instr_serialize: in sub GirlD02_at2: instruction with id 23 is not known to exist in version 10
thecl.exe: id 23 was not found in the format table
thecl.exe:th10_instr_serialize: in sub GirlD02_at2: instruction with id 23 is not known to exist in version 10
thecl.exe: id 23 was not found in the format table
thecl.exe:th10_instr_serialize: in sub GirlD02_at2: instruction with id 23 is not known to exist in version 10
thecl.exe:th10_instr_serialize: in sub Phantom01: too many arguments for opcode 322
thecl.exe:th10_instr_serialize: in sub Phantom01: too many arguments for opcode 323
thecl.exe:th10_instr_serialize: in sub Phantom01_at: too few arguments for opcode 408
thecl.exe:th10_instr_serialize: in sub Phantom02: too many arguments for opcode 322
thecl.exe:th10_instr_serialize: in sub Phantom02: too many arguments for opcode 323
thecl.exe:th10_instr_serialize: in sub Phantom02: too many arguments for opcode 322
thecl.exe:th10_instr_serialize: in sub Phantom02: too many arguments for opcode 323
thecl.exe:th10_instr_serialize: in sub Phantom02_at: too few arguments for opcode 408
thecl.exe:th10_instr_serialize: in sub Phantom02b: too many arguments for opcode 322
thecl.exe:th10_instr_serialize: in sub Phantom02b: too many arguments for opcode 323
00d0:fixme:kernelbase:AppPolicyGetProcessTerminationMethod FFFFFFFA, 0022FE0C
