002c:err:wineboot:process_run_key Error running cmd L"C:\\windows\\system32\\winemenubuilder.exe -a -r" (2).
thecl.exe:th062/ecl_ir_out/matrix_th08_th10_th12_th15_retry3/th10_stage1_to_th08.decl:334,20: variable not found: G
thecl.exe:th062/ecl_ir_out/matrix_th08_th10_th12_th15_retry3/th10_stage1_to_th08.decl:334,39: variable not found: A
thecl.exe:th062/ecl_ir_out/matrix_th08_th10_th12_th15_retry3/th10_stage1_to_th08.decl:336,20: variable not found: G
thecl.exe:th062/ecl_ir_out/matrix_th08_th10_th12_th15_retry3/th10_stage1_to_th08.decl:336,39: variable not found: A
thecl.exe:th062/ecl_ir_out/matrix_th08_th10_th12_th15_retry3/th10_stage1_to_th08.decl:339,20: variable not found: G
thecl.exe:th062/ecl_ir_out/matrix_th08_th10_th12_th15_retry3/th10_stage1_to_th08.decl:339,39: variable not found: A
thecl.exe:th062/ecl_ir_out/matrix_th08_th10_th12_th15_retry3/th10_stage1_to_th08.decl:342,20: variable not found: G
thecl.exe:th062/ecl_ir_out/matrix_th08_th10_th12_th15_retry3/th10_stage1_to_th08.decl:342,39: variable not found: A
thecl.exe:th062/ecl_ir_out/matrix_th08_th10_th12_th15_retry3/th10_stage1_to_th08.decl:344,20: variable not found: G
thecl.exe:th062/ecl_ir_out/matrix_th08_th10_th12_th15_retry3/th10_stage1_to_th08.decl:344,39: variable not found: A
thecl.exe:th062/ecl_ir_out/matrix_th08_th10_th12_th15_retry3/th10_stage1_to_th08.decl:346,20: variable not found: G
thecl.exe:th062/ecl_ir_out/matrix_th08_th10_th12_th15_retry3/th10_stage1_to_th08.decl:346,39: variable not found: A
thecl.exe:th062/ecl_ir_out/matrix_th08_th10_th12_th15_retry3/th10_stage1_to_th08.decl:349,20: variable not found: G
thecl.exe:th062/ecl_ir_out/matrix_th08_th10_th12_th15_retry3/th10_stage1_to_th08.decl:349,39: variable not found: A
thecl.exe:th062/ecl_ir_out/matrix_th08_th10_th12_th15_retry3/th10_stage1_to_th08.decl:352,20: variable not found: G
thecl.exe:th062/ecl_ir_out/matrix_th08_th10_th12_th15_retry3/th10_stage1_to_th08.decl:352,39: variable not found: A
thecl.exe:th062/ecl_ir_out/matrix_th08_th10_th12_th15_retry3/th10_stage1_to_th08.decl:595,83: expression not outputtable in current version
thecl.exe:th062/ecl_ir_out/matrix_th08_th10_th12_th15_retry3/th10_stage1_to_th08.decl:903,32: variable not found: C
thecl.exe:th062/ecl_ir_out/matrix_th08_th10_th12_th15_retry3/th10_stage1_to_th08.decl:1025,20: variable not found: A
thecl.exe:th062/ecl_ir_out/matrix_th08_th10_th12_th15_retry3/th10_stage1_to_th08.decl:1025,33: variable not found: D
thecl.exe:th062/ecl_ir_out/matrix_th08_th10_th12_th15_retry3/th10_stage1_to_th08.decl:1169,38: variable not found: B
thecl.exe:th062/ecl_ir_out/matrix_th08_th10_th12_th15_retry3/th10_stage1_to_th08.decl:1238,61: variable not found: A
thecl.exe:th062/ecl_ir_out/matrix_th08_th10_th12_th15_retry3/th10_stage1_to_th08.decl:1238,70: expression not outputtable in current version
thecl.exe:th062/ecl_ir_out/matrix_th08_th10_th12_th15_retry3/th10_stage1_to_th08.decl:1265,60: variable not found: A
thecl.exe:th062/ecl_ir_out/matrix_th08_th10_th12_th15_retry3/th10_stage1_to_th08.decl:1265,69: expression not outputtable in current version
thecl.exe:th062/ecl_ir_out/matrix_th08_th10_th12_th15_retry3/th10_stage1_to_th08.decl:1271,60: variable not found: A
thecl.exe:th062/ecl_ir_out/matrix_th08_th10_th12_th15_retry3/th10_stage1_to_th08.decl:1271,69: expression not outputtable in current version
thecl.exe:th062/ecl_ir_out/matrix_th08_th10_th12_th15_retry3/th10_stage1_to_th08.decl:1556,32: variable not found: C
00d0:fixme:kernelbase:AppPolicyGetProcessTerminationMethod FFFFFFFA, 0022FE0C
