002c:err:wineboot:process_run_key Error running cmd L"C:\\windows\\system32\\winemenubuilder.exe -a -r" (2).
thecl.exe: id 23 was not found in the format table
thecl.exe: id 23 was not found in the format table
thecl.exe: id 23 was not found in the format table
thecl.exe: id 23 was not found in the format table
thecl.exe: id 23 was not found in the format table
thecl.exe: id 23 was not found in the format table
thecl.exe: id 23 was not found in the format table
thecl.exe: id 23 was not found in the format table
thecl.exe: id 23 was not found in the format table
thecl.exe: id 23 was not found in the format table
thecl.exe: id 23 was not found in the format table
thecl.exe: id 23 was not found in the format table
thecl.exe: id 23 was not found in the format table
thecl.exe: id 23 was not found in the format table
thecl.exe: id 23 was not found in the format table
thecl.exe: id 23 was not found in the format table
thecl.exe: id 23 was not found in the format table
thecl.exe: id 23 was not found in the format table
thecl.exe: id 23 was not found in the format table
thecl.exe: id 23 was not found in the format table
thecl.exe: id 23 was not found in the format table
thecl.exe: id 23 was not found in the format table
thecl.exe: id 23 was not found in the format table
thecl.exe: id 23 was not found in the format table
thecl.exe: id 23 was not found in the format table
thecl.exe: id 23 was not found in the format table
thecl.exe: id 23 was not found in the format table
thecl.exe: id 23 was not found in the format table
thecl.exe: id 23 was not found in the format table
thecl.exe: id 23 was not found in the format table
thecl.exe: id 23 was not found in the format table
thecl.exe: id 23 was not found in the format table
thecl.exe: id 23 was not found in the format table
thecl.exe: id 23 was not found in the format table
thecl.exe: id 23 was not found in the format table
thecl.exe: id 23 was not found in the format table
thecl.exe: id 23 was not found in the format table
thecl.exe: id 23 was not found in the format table
thecl.exe: id 23 was not found in the format table
thecl.exe: id 23 was not found in the format table
thecl.exe: id 23 was not found in the format table
thecl.exe: id 23 was not found in the format table
thecl.exe: id 23 was not found in the format table
thecl.exe: id 23 was not found in the format table
thecl.exe: id 23 was not found in the format table
thecl.exe: id 23 was not found in the format table
thecl.exe: id 23 was not found in the format table
thecl.exe: id 23 was not found in the format table
thecl.exe: id 23 was not found in the format table
thecl.exe: id 23 was not found in the format table
thecl.exe: id 23 was not found in the format table
thecl.exe: id 23 was not found in the format table
thecl.exe: id 23 was not found in the format table
thecl.exe:th10_instr_serialize: in sub GirlA01_at: instruction with id 23 is not known to exist in version 10
thecl.exe: id 23 was not found in the format table
thecl.exe:th10_instr_serialize: in sub GirlA01_at: instruction with id 23 is not known to exist in version 10
thecl.exe: id 23 was not found in the format table
thecl.exe:th10_instr_serialize: in sub GirlA01_at: instruction with id 23 is not known to exist in version 10
thecl.exe: id 23 was not found in the format table
thecl.exe:th10_instr_serialize: in sub GirlA01_at: instruction with id 23 is not known to exist in version 10
thecl.exe: id 23 was not found in the format table
thecl.exe:th10_instr_serialize: in sub GirlA01_at: instruction with id 23 is not known to exist in version 10
thecl.exe: id 23 was not found in the format table
thecl.exe:th10_instr_serialize: in sub GirlA01_at: instruction with id 23 is not known to exist in version 10
thecl.exe: id 23 was not found in the format table
thecl.exe:th10_instr_serialize: in sub GirlA01_at: instruction with id 23 is not known to exist in version 10
thecl.exe: id 23 was not found in the format table
thecl.exe:th10_instr_serialize: in sub GirlA01_at: instruction with id 23 is not known to exist in version 10
thecl.exe: id 23 was not found in the format table
thecl.exe:th10_instr_serialize: in sub GirlA02_at: instruction with id 23 is not known to exist in version 10
thecl.exe: id 23 was not found in the format table
thecl.exe:th10_instr_serialize: in sub GirlA02_at: instruction with id 23 is not known to exist in version 10
thecl.exe: id 23 was not found in the format table
thecl.exe:th10_instr_serialize: in sub GirlA02_at: instruction with id 23 is not known to exist in version 10
thecl.exe: id 23 was not found in the format table
thecl.exe:th10_instr_serialize: in sub GirlA02_at: instruction with id 23 is not known to exist in version 10
thecl.exe: id 23 was not found in the format table
thecl.exe:th10_instr_serialize: in sub GirlA02_at: instruction with id 23 is not known to exist in version 10
thecl.exe: id 23 was not found in the format table
thecl.exe:th10_instr_serialize: in sub GirlA02_at: instruction with id 23 is not known to exist in version 10
thecl.exe: id 23 was not found in the format table
thecl.exe:th10_instr_serialize: in sub GirlA02_at: instruction with id 23 is not known to exist in version 10
thecl.exe: id 23 was not found in the format table
thecl.exe:th10_instr_serialize: in sub GirlA02_at: instruction with id 23 is not known to exist in version 10
thecl.exe: id 23 was not found in the format table
thecl.exe:th10_instr_serialize: in sub GirlA03_at: instruction with id 23 is not known to exist in version 10
thecl.exe: id 23 was not found in the format table
thecl.exe:th10_instr_serialize: in sub GirlA03_at: instruction with id 23 is not known to exist in version 10
thecl.exe: id 23 was not found in the format table
thecl.exe:th10_instr_serialize: in sub GirlA03_at: instruction with id 23 is not known to exist in version 10
thecl.exe: id 23 was not found in the format table
thecl.exe:th10_instr_serialize: in sub GirlA03_at: instruction with id 23 is not known to exist in version 10
thecl.exe: id 23 was not found in the format table
thecl.exe:th10_instr_serialize: in sub GirlA03_at: instruction with id 23 is not known to exist in version 10
thecl.exe: id 23 was not found in the format table
thecl.exe:th10_instr_serialize: in sub GirlA03_at: instruction with id 23 is not known to exist in version 10
thecl.exe: id 23 was not found in the format table
thecl.exe:th10_instr_serialize: in sub GirlA03_at: instruction with id 23 is not known to exist in version 10
thecl.exe: id 23 was not found in the format table
thecl.exe:th10_instr_serialize: in sub GirlA03_at: instruction with id 23 is not known to exist in version 10
thecl.exe: id 23 was not found in the format table
thecl.exe:th10_instr_serialize: in sub GirlB01_at: instruction with id 23 is not known to exist in version 10
thecl.exe: id 23 was not found in the format table
thecl.exe:th10_instr_serialize: in sub GirlB01_at: instruction with id 23 is not known to exist in version 10
thecl.exe: id 23 was not found in the format table
thecl.exe:th10_instr_serialize: in sub GirlB01_at: instruction with id 23 is not known to exist in version 10
thecl.exe: id 23 was not found in the format table
thecl.exe:th10_instr_serialize: in sub GirlB01_at: instruction with id 23 is not known to exist in version 10
thecl.exe:th10_instr_serialize: in sub GirlB02_at: too few arguments for opcode 408
thecl.exe: id 23 was not found in the format table
thecl.exe:th10_instr_serialize: in sub GirlC01_at: instruction with id 23 is not known to exist in version 10
thecl.exe: id 23 was not found in the format table
thecl.exe:th10_instr_serialize: in sub GirlC01_at: instruction with id 23 is not known to exist in version 10
thecl.exe: id 23 was not found in the format table
thecl.exe:th10_instr_serialize: in sub GirlC01_at: instruction with id 23 is not known to exist in version 10
thecl.exe: id 23 was not found in the format table
thecl.exe:th10_instr_serialize: in sub GirlC01_at: instruction with id 23 is not known to exist in version 10
thecl.exe: id 23 was not found in the format table
thecl.exe:th10_instr_serialize: in sub GirlC01_at: instruction with id 23 is not known to exist in version 10
thecl.exe: id 23 was not found in the format table
thecl.exe:th10_instr_serialize: in sub GirlC01_at: instruction with id 23 is not known to exist in version 10
thecl.exe: id 23 was not found in the format table
thecl.exe:th10_instr_serialize: in sub GirlC01_at: instruction with id 23 is not known to exist in version 10
thecl.exe: id 23 was not found in the format table
thecl.exe:th10_instr_serialize: in sub GirlC01_at: instruction with id 23 is not known to exist in version 10
thecl.exe: id 23 was not found in the format table
thecl.exe:th10_instr_serialize: in sub GirlD01_at: instruction with id 23 is not known to exist in version 10
thecl.exe: id 23 was not found in the format table
thecl.exe:th10_instr_serialize: in sub GirlD01_at: instruction with id 23 is not known to exist in version 10
thecl.exe: id 23 was not found in the format table
thecl.exe:th10_instr_serialize: in sub GirlD01_at: instruction with id 23 is not known to exist in version 10
thecl.exe: id 23 was not found in the format table
thecl.exe:th10_instr_serialize: in sub GirlD01_at: instruction with id 23 is not known to exist in version 10
thecl.exe: id 23 was not found in the format table
thecl.exe:th10_instr_serialize: in sub GirlD01_at2: instruction with id 23 is not known to exist in version 10
thecl.exe: id 23 was not found in the format table
thecl.exe:th10_instr_serialize: in sub GirlD01_at2: instruction with id 23 is not known to exist in version 10
thecl.exe: id 23 was not found in the format table
thecl.exe:th10_instr_serialize: in sub GirlD01_at2: instruction with id 23 is not known to exist in version 10
thecl.exe: id 23 was not found in the format table
thecl.exe:th10_instr_serialize: in sub GirlD01_at2: instruction with id 23 is not known to exist in version 10
thecl.exe: id 23 was not found in the format table
thecl.exe:th10_instr_serialize: in sub GirlD02_at: instruction with id 23 is not known to exist in version 10
thecl.exe: id 23 was not found in the format table
thecl.exe:th10_instr_serialize: in sub GirlD02_at: instruction with id 23 is not known to exist in version 10
thecl.exe: id 23 was not found in the format table
thecl.exe:th10_instr_serialize: in sub GirlD02_at: instruction with id 23 is not known to exist in version 10
thecl.exe: id 23 was not found in the format table
thecl.exe:th10_instr_serialize: in sub GirlD02_at: instruction with id 23 is not known to exist in version 10
thecl.exe: id 23 was not found in the format table
thecl.exe:th10_instr_serialize: in sub GirlD02_at2: instruction with id 23 is not known to exist in version 10
thecl.exe: id 23 was not found in the format table
thecl.exe:th10_instr_serialize: in sub GirlD02_at2: instruction with id 23 is not known to exist in version 10
thecl.exe: id 23 was not found in the format table
thecl.exe:th10_instr_serialize: in sub GirlD02_at2: instruction with id 23 is not known to exist in version 10
thecl.exe: id 23 was not found in the format table
thecl.exe:th10_instr_serialize: in sub GirlD02_at2: instruction with id 23 is not known to exist in version 10
thecl.exe:th10_instr_serialize: in sub Phantom01_at: too few arguments for opcode 408
thecl.exe:th10_instr_serialize: in sub Phantom02_at: too few arguments for opcode 408
00d0:fixme:kernelbase:AppPolicyGetProcessTerminationMethod FFFFFFFA, 0022FE0C
